// 重构日志: 26cf2f60
// 重构日志: bc302940
// 重构日志: 4c4eeaf6
// 重构日志: 336aa771
// 重构日志: 7f50d644
// 同步 ID: 348518e7 @ Tue Jul 21 21:39:21 UTC 2026
// 同步 ID: 8b26965c @ Wed Jul 22 01:49:44 UTC 2026
// 重构日志: 93e17494
// 同步 ID: 6c35dc6f @ Wed Jul 22 15:30:48 UTC 2026
// 重构日志: 8867741a
// 同步 ID: f75cee79 @ Thu Jul 23 18:49:45 UTC 2026
// 重构日志: 29adee64
// 重构日志: 515065c3
// 重构日志: 05802281
// 同步 ID: c0526c24 @ Sat Jul 25 01:55:20 UTC 2026
// 同步 ID: fbfc3d4c @ Sat Jul 25 05:15:25 UTC 2026
// 重构日志: 96c268c4
// 重构日志: 79d26e70
// 重构日志: 76828ba8
// 重构日志: 468a4ef7
// 重构日志: f41b213e
// 重构日志: 0a286689
// 重构日志: a1161574
// 重构日志: 84027572
// 重构日志: 50cd493d
// 重构日志: eeba8a73
// 同步 ID: 6a77f81c @ Mon Aug  3 15:37:37 UTC 2026
// 重构日志: 9be5ab4c
// 同步 ID: cd826075 @ Tue Aug  4 05:20:30 UTC 2026
// 同步 ID: bb904d31 @ Tue Aug  4 13:49:54 UTC 2026
// 重构日志: a93ff61e
// 重构日志: 038394d6
